../Drivers/STM32WBxx_HAL_Driver/Inc/stm32wbxx_ll_exti.h:322:22:LL_EXTI_EnableIT_0_31	16	static
../Drivers/STM32WBxx_HAL_Driver/Inc/stm32wbxx_ll_exti.h:1029:22:LL_EXTI_EnableRisingTrig_0_31	16	static
../Core/Src/hw_timerserver.c:106:17:ReadRtcSsrValue	16	static
../Core/Src/hw_timerserver.c:131:13:LinkTimerAfter	24	static
../Core/Src/hw_timerserver.c:154:13:LinkTimerBefore	24	static
../Core/Src/hw_timerserver.c:181:17:linkTimer	24	static
../Core/Src/hw_timerserver.c:251:13:UnlinkTimer	24	static
../Core/Src/hw_timerserver.c:293:17:ReturnTimeElapsed	16	static
../Core/Src/hw_timerserver.c:335:13:RestartWakeupCounter	16	static
../Core/Src/hw_timerserver.c:394:13:RescheduleTimerList	24	static
../Core/Src/hw_timerserver.c:486:6:HW_TS_RTC_Wakeup_Handler	48	static,ignoring_inline_asm
../Core/Src/hw_timerserver.c:588:6:HW_TS_Init	40	static,ignoring_inline_asm
../Core/Src/hw_timerserver.c:674:22:HW_TS_Create	48	static,ignoring_inline_asm
../Core/Src/hw_timerserver.c:719:6:HW_TS_Delete	16	static
../Core/Src/hw_timerserver.c:728:6:HW_TS_Stop	32	static,ignoring_inline_asm
../Core/Src/hw_timerserver.c:800:6:HW_TS_Start	32	static,ignoring_inline_asm
../Core/Src/hw_timerserver.c:854:10:HW_TS_RTC_ReadLeftTicksToCount	32	static,ignoring_inline_asm
../Core/Src/hw_timerserver.c:887:13:HW_TS_RTC_Int_AppNot	24	static
