../Drivers/STM32WBxx_HAL_Driver/Inc/stm32wbxx_ll_rcc.h:1666:22:LL_RCC_LSE_SetDriveCapability	16	static
../Drivers/STM32WBxx_HAL_Driver/Inc/stm32wbxx_ll_bus.h:539:22:LL_AHB2_GRP1_EnableClock	24	static
../Core/Src/main.c:58:5:_write	24	static
../Core/Src/main.c:73:5:main	8	static
../Core/Src/main.c:130:6:SystemClock_Config	112	static
../Core/Src/main.c:182:6:PeriphCommonClock_Config	88	static
../Core/Src/main.c:207:13:MX_RF_Init	4	static
../Core/Src/main.c:228:13:MX_RTC_Init	8	static
../Core/Src/main.c:264:13:MX_GPIO_Init	32	static
../Core/Src/main.c:306:6:Error_Handler	4	static,ignoring_inline_asm
