../Core/Src/stm32wbxx_it.c:29:6:RTC_WKUP_IRQHandler	8	static
../Core/Src/stm32wbxx_it.c:33:6:IPCC_C1_RX_IRQHandler	8	static
../Core/Src/stm32wbxx_it.c:37:6:IPCC_C1_TX_IRQHandler	8	static
../Core/Src/stm32wbxx_it.c:81:6:NMI_Handler	4	static
../Core/Src/stm32wbxx_it.c:96:6:HardFault_Handler	4	static
../Core/Src/stm32wbxx_it.c:111:6:MemManage_Handler	4	static
../Core/Src/stm32wbxx_it.c:126:6:BusFault_Handler	4	static
../Core/Src/stm32wbxx_it.c:141:6:UsageFault_Handler	4	static
../Core/Src/stm32wbxx_it.c:156:6:SVC_Handler	4	static
../Core/Src/stm32wbxx_it.c:169:6:DebugMon_Handler	4	static
../Core/Src/stm32wbxx_it.c:182:6:PendSV_Handler	4	static
../Core/Src/stm32wbxx_it.c:195:6:SysTick_Handler	8	static
../Core/Src/stm32wbxx_it.c:216:6:USB_LP_IRQHandler	8	static
../Core/Src/stm32wbxx_it.c:230:6:HSEM_IRQHandler	8	static
